
> rovos-monitor@0.1.0 build
> next build

▲ Next.js 16.3.4 (Turbopack)
- Environments: .env.local
⚠ Invalid next.config.mjs options detected: 
⚠     Unrecognized key(s) in object: 'serverComponentsExternalPackages' at "experimental"
⚠ See more info here: https://nextjs.org/docs/messages/invalid-next-config
⚠ `experimental.serverComponentsExternalPackages` has been moved to `serverExternalPackages`. Please update your next.config.mjs file accordingly.
✓ Running next.config.mjs took 8ms
- Experiments (use with caution):
  ? serverComponentsExternalPackages (invalid experimental key)

  Creating an optimized production build ...
✓ Compiled successfully in 344ms
  Running TypeScript ...
  Finished TypeScript in 1007ms ...
  Collecting page data using 6 workers ...
  Generating static pages using 6 workers (0/4) ...
  Generating static pages using 6 workers (1/4) 
  Generating static pages using 6 workers (2/4) 
  Generating static pages using 6 workers (3/4) 
✓ Generating static pages using 6 workers (4/4) in 271ms
  Finalizing page optimization ...

Route (app)
┌ ○ /
├ ○ /_not-found
└ ƒ /api/health


○  (Static)   prerendered as static content
ƒ  (Dynamic)  server-rendered on demand

